<stdin>:1:1: error: TianChen-RV execution plan coherence check failed for kernel @ggml_vec_dot_q8_0_q8_0_kernel: requires a selected dispatch or selected-path diagnostic surface before execution-plan coherence checking
module {
^
<stdin>:1:1: note: see current operation: 
"builtin.module"() ({
  "tcrv.exec.kernel"() <{sym_name = "ggml_vec_dot_q8_0_q8_0_kernel"}> ({
    "tcrv.exec.capability"() <{id = "rvv", kind = "isa-vector", sym_name = "rvv"}> {status = "available"} : () -> ()
    "tcrv.exec.variant"() <{origin = "rvv-plugin", requires = [@rvv], sym_name = "rvv_q8_0_q8_0_block_dot"}> ({
      %0 = "tcrv_rvv.runtime_abi_value"() <{c_name = "vx", c_type = "const uint8_t *", ownership = "target-export-abi-owned", purpose = "q8-lhs", role = "lhs-input-buffer"}> : () -> !tcrv_rvv.runtime_abi_value
      %1 = "tcrv_rvv.runtime_abi_value"() <{c_name = "vy", c_type = "const uint8_t *", ownership = "target-export-abi-owned", purpose = "q8-rhs", role = "rhs-input-buffer"}> : () -> !tcrv_rvv.runtime_abi_value
      %2 = "tcrv_rvv.runtime_abi_value"() <{c_name = "s", c_type = "float *", ownership = "target-export-abi-owned", purpose = "out", role = "output-buffer"}> : () -> !tcrv_rvv.runtime_abi_value
      %3 = "tcrv_rvv.runtime_abi_value"() <{c_name = "n", c_type = "size_t", ownership = "target-export-abi-owned", purpose = "n", role = "runtime-element-count"}> : () -> index
      %4 = "tcrv_rvv.runtime_abi_value"() <{c_name = "zero_seed", c_type = "const int32_t *", ownership = "target-export-abi-owned", purpose = "loop-body:reduce-seed", role = "accumulator-input-buffer"}> : () -> !tcrv_rvv.runtime_abi_value
      %5 = "tcrv_rvv.setvl"(%3) <{lmul = "m2", policy = #tcrv_rvv.policy<tail = agnostic, mask = agnostic>, sew = 8 : i64}> : (index) -> !tcrv_rvv.vl
      "tcrv_rvv.with_vl"(%5) <{lmul = "m2", origin = "rvv-plugin", policy = #tcrv_rvv.policy<tail = agnostic, mask = agnostic>, required_capabilities = [@rvv], rvv_construction_protocol = "extension-family-construction-protocol.v1", selected_path_role = "direct variant", selected_variant = @rvv_q8_0_q8_0_block_dot, sew = 8 : i64, source_kernel = "ggml_vec_dot_q8_0_q8_0_kernel", status = "selected-lowering-boundary"}> ({
        "tcrv_rvv.typed_flat_block_dot_loop_body"(%0, %1, %2, %3) <{activation_block_stride = 34 : i64, fold_model = "sumi_times_scales", integer_core_lmul = "m2", kind = "typed_flat_block_dot_loop_body", qk = 32 : i64, strip_elision = "robust", weight_block_stride = 34 : i64}> ({
        ^bb0(%arg0: index, %arg1: f32):
          %6 = "tcrv_rvv.block_fp16_scale_product"(%0, %1, %arg0) <{kind = "dual_fp16_per_block_scale_product", lhs_block_stride = 34 : i64, rhs_block_stride = 34 : i64, scale_model = "dual-fp16-per-block-d_x.d_y"}> : (!tcrv_rvv.runtime_abi_value, !tcrv_rvv.runtime_abi_value, index) -> f32
          %7 = "tcrv_rvv.load"(%0, %5, %arg0) <{block_stride = 34 : i64, quant_byte_offset = 2 : i64}> : (!tcrv_rvv.runtime_abi_value, !tcrv_rvv.vl, index) -> !tcrv_rvv.vector<i8, "m2">
          %8 = "tcrv_rvv.load"(%1, %5, %arg0) <{block_stride = 34 : i64, quant_byte_offset = 2 : i64}> : (!tcrv_rvv.runtime_abi_value, !tcrv_rvv.vl, index) -> !tcrv_rvv.vector<i8, "m2">
          %9 = "tcrv_rvv.widening_product"(%7, %8, %5) <{kind = "signed_widening_product", product_relation = "signed-i8m2xi8m2-to-i16m4"}> : (!tcrv_rvv.vector<i8, "m2">, !tcrv_rvv.vector<i8, "m2">, !tcrv_rvv.vl) -> !tcrv_rvv.vector<i16, "m4">
          %10 = "tcrv_rvv.standalone_reduce"(%9, %4, %5) <{accumulator_layout = "scalar-i32-seed-lane0-from-accumulator-input", kind = "signed_widening_reduce_add", result_layout = "store-standalone-reduction-lane0-to-output-scalar"}> : (!tcrv_rvv.vector<i16, "m4">, !tcrv_rvv.runtime_abi_value, !tcrv_rvv.vl) -> !tcrv_rvv.vector<i32, "m1">
          %11 = "tcrv_rvv.typed_vector_lane0_to_scalar_extract"(%10, %5) <{extract_relation = "i32m1-lane0-to-scalar-i32", kind = "vector_lane0_to_scalar_i32_extract"}> : (!tcrv_rvv.vector<i32, "m1">, !tcrv_rvv.vl) -> i32
          %12 = "tcrv_rvv.block_computed_scale_dequant"(%11, %6) <{dequant_relation = "scalar-i32-sumi-to-f32-computed-scale-f32", kind = "computed_scale_sumi_dequant"}> : (i32, f32) -> f32
          %13 = "tcrv_rvv.cross_block_f32_accumulate"(%arg1, %12) <{accumulate_order = "strict-ascending-block-carried", kind = "cross_block_f32_scalar_accumulate"}> : (f32, f32) -> f32
          "tcrv_rvv.typed_flat_block_dot_loop_yield"(%13) : (f32) -> ()
        }) : (!tcrv_rvv.runtime_abi_value, !tcrv_rvv.runtime_abi_value, !tcrv_rvv.runtime_abi_value, index) -> ()
      }) : (!tcrv_rvv.vl) -> ()
    }) {tcrv_rvv.policy = #tcrv_rvv.policy<tail = agnostic, mask = agnostic>} : () -> ()
    "tcrv.exec.diagnostic"() <{artifact_kind = "riscv-elf-relocatable-object", artifact_metadata = [{key = "rvv_emitc_lowerable_route", value = "rvv-ggml-flat-block-dot-monolithic-emitc-route-family"}, {key = "rvv_source_op_interface", value = "TCRVEmitCLowerableOpInterface"}, {key = "rvv_extension_archetype", value = "rvv-ggml-flat-monolithic-typed-body"}, {key = "rvv_ggml_flat_block_dot_kind", value = "ggml_q8_0_q8_0_block_dot"}, {key = "rvv_ggml_flat_scale_model", value = "dual-fp16-per-block-d_x.d_y"}, {key = "rvv_target_artifact_kind", value = "riscv-elf-relocatable-object"}, {key = "rvv_construction_protocol", value = "extension-family-construction-protocol.v1"}], emission_kind = "materialized-emitc-cpp-rvv-intrinsic-object", lowering_boundary = "tcrv_rvv.with_vl", lowering_pipeline = "rvv-ggml-flat-block-dot-monolithic-emitc-route-family", message = "RVV selected monolithic ggml flat block-dot typed body materializes a verified EmitC module through the common RVV->EmitC DialectConversion (the AoS block loop, the per-block fp16 scale model, the integer decode/product core, and the fp32 fold are first-class op structure), then uses the MLIR EmitC C/C++ emitter before RISC-V object packaging", origin = "rvv-plugin", plan_kind = "plugin-emission-plan", reason = "emission_plan", required_capabilities = [@rvv], role = "direct variant", runtime_abi = "rvv-ggml-flat-block-dot-callable-c-abi.v1", runtime_abi_kind = "plugin-owned-runtime-abi", runtime_abi_name = "rvv-ggml-flat-block-dot-callable-c-abi.v1", runtime_abi_parameters = [{c_name = "vx", c_type = "const uint8_t *", ownership = "target-export-abi-owned", role = "lhs-input-buffer"}, {c_name = "vy", c_type = "const uint8_t *", ownership = "target-export-abi-owned", role = "rhs-input-buffer"}, {c_name = "s", c_type = "float *", ownership = "target-export-abi-owned", role = "output-buffer"}, {c_name = "n", c_type = "size_t", ownership = "target-export-abi-owned", role = "runtime-element-count"}], runtime_glue_role = "emitc-cpp-rvv-intrinsic-runtime-glue", severity = "info", status = "supported", target = @rvv_q8_0_q8_0_block_dot}> : () -> ()
  }) : () -> ()
}) : () -> ()
