experiments/ondevice-q8_0-mbf/ir/mbf1.emitc.mlir:1:1: error: TianChen-RV target artifact export failed: requires at least one tcrv.exec.kernel
module {
^
experiments/ondevice-q8_0-mbf/ir/mbf1.emitc.mlir:1:1: note: see current operation: 
"builtin.module"() ({
  "emitc.include"() <{include = "stddef.h", is_standard_include}> : () -> ()
  "emitc.include"() <{include = "stdint.h", is_standard_include}> : () -> ()
  "emitc.include"() <{include = "riscv_vector.h", is_standard_include}> : () -> ()
  "emitc.func"() <{function_type = (!emitc.opaque<"size_t">, !emitc.ptr<!emitc.opaque<"float">>, !emitc.opaque<"size_t">, !emitc.ptr<!emitc.opaque<"const uint8_t">>, !emitc.opaque<"size_t">, !emitc.ptr<!emitc.opaque<"const uint8_t">>, !emitc.opaque<"size_t">, !emitc.opaque<"int32_t">, !emitc.ptr<!emitc.opaque<"const int32_t">>) -> (), specifiers = ["extern", "\22C\22"], sym_name = "tcrv_emitc_ggml_vec_dot_q8_0_q8_0_kernel_rvv_q8_0_q8_0_block_dot"}> ({
  ^bb0(%arg0: !emitc.opaque<"size_t">, %arg1: !emitc.ptr<!emitc.opaque<"float">>, %arg2: !emitc.opaque<"size_t">, %arg3: !emitc.ptr<!emitc.opaque<"const uint8_t">>, %arg4: !emitc.opaque<"size_t">, %arg5: !emitc.ptr<!emitc.opaque<"const uint8_t">>, %arg6: !emitc.opaque<"size_t">, %arg7: !emitc.opaque<"int32_t">, %arg8: !emitc.ptr<!emitc.opaque<"const int32_t">>):
    "emitc.verbatim"() <{value = "// tcrv_emitc.route_source_op=tcrv_rvv.with_vl role=scope op_interface=TCRVEmitCLowerableOpInterface"}> : () -> ()
    "emitc.verbatim"() <{value = "// tcrv_emitc.source_op=tcrv_rvv.setvl role=configure op_interface=TCRVEmitCLowerableOpInterface callee=__riscv_vsetvl_e8m2"}> : () -> ()
    %0 = "emitc.call_opaque"(%arg0) <{callee = "__riscv_vsetvl_e8m2"}> : (!emitc.opaque<"size_t">) -> !emitc.opaque<"size_t">
    "emitc.verbatim"() <{value = "// tcrv_emitc.route_source_op=tcrv_rvv.typed_flat_block_dot_loop_body role=compute op_interface=TCRVEmitCLowerableOpInterface"}> : () -> ()
    "emitc.verbatim"() <{value = "// tcrv_emitc.local_variable=sumf source_op=tcrv_rvv.typed_flat_block_dot_loop_body role=compute op_interface=TCRVEmitCLowerableOpInterface"}> : () -> ()
    %1 = "emitc.variable"() <{value = #emitc.opaque<"">}> : () -> !emitc.lvalue<!emitc.opaque<"float">>
    %2 = "emitc.literal"() <{value = "0.0f"}> : () -> !emitc.opaque<"float">
    "emitc.assign"(%1, %2) : (!emitc.lvalue<!emitc.opaque<"float">>, !emitc.opaque<"float">) -> ()
    "emitc.verbatim"() <{value = "// tcrv_emitc.source_op=tcrv_rvv.typed_flat_block_dot_loop_body role=compute op_interface=TCRVEmitCLowerableOpInterface callee=block_count"}> : () -> ()
    %3 = "emitc.literal"() <{value = "32"}> : () -> !emitc.opaque<"size_t">
    %4 = "emitc.div"(%arg0, %3) : (!emitc.opaque<"size_t">, !emitc.opaque<"size_t">) -> !emitc.opaque<"size_t">
    %5 = "emitc.literal"() <{value = "1"}> : () -> !emitc.opaque<"size_t">
    %6 = "emitc.literal"() <{value = "0"}> : () -> !emitc.opaque<"size_t">
    "emitc.for"(%6, %4, %5) ({
    ^bb0(%arg9: !emitc.opaque<"size_t">):
      "emitc.verbatim"() <{value = "// tcrv_emitc.source_op=tcrv_rvv.typed_flat_block_dot_loop_body role=compute op_interface=TCRVEmitCLowerableOpInterface callee=block_base_x"}> : () -> ()
      %10 = "emitc.literal"() <{value = "34"}> : () -> !emitc.opaque<"size_t">
      %11 = "emitc.mul"(%arg9, %10) : (!emitc.opaque<"size_t">, !emitc.opaque<"size_t">) -> !emitc.opaque<"size_t">
      %12 = "emitc.add"(%arg3, %11) : (!emitc.ptr<!emitc.opaque<"const uint8_t">>, !emitc.opaque<"size_t">) -> !emitc.ptr<!emitc.opaque<"const uint8_t">>
      "emitc.verbatim"() <{value = "// tcrv_emitc.source_op=tcrv_rvv.typed_flat_block_dot_loop_body role=compute op_interface=TCRVEmitCLowerableOpInterface callee=block_base_y"}> : () -> ()
      %13 = "emitc.literal"() <{value = "34"}> : () -> !emitc.opaque<"size_t">
      %14 = "emitc.mul"(%arg9, %13) : (!emitc.opaque<"size_t">, !emitc.opaque<"size_t">) -> !emitc.opaque<"size_t">
      %15 = "emitc.add"(%arg5, %14) : (!emitc.ptr<!emitc.opaque<"const uint8_t">>, !emitc.opaque<"size_t">) -> !emitc.ptr<!emitc.opaque<"const uint8_t">>
      "emitc.verbatim"() <{value = "// tcrv_emitc.source_op=tcrv_rvv.typed_flat_block_dot_loop_body role=compute op_interface=TCRVEmitCLowerableOpInterface callee=fcvt.s.h"}> : () -> ()
      %16 = "emitc.call_opaque"(%12) <{callee = "(float)*(const _Float16 *)"}> : (!emitc.ptr<!emitc.opaque<"const uint8_t">>) -> !emitc.opaque<"float">
      "emitc.verbatim"() <{value = "// tcrv_emitc.source_op=tcrv_rvv.typed_flat_block_dot_loop_body role=compute op_interface=TCRVEmitCLowerableOpInterface callee=fcvt.s.h"}> : () -> ()
      %17 = "emitc.call_opaque"(%15) <{callee = "(float)*(const _Float16 *)"}> : (!emitc.ptr<!emitc.opaque<"const uint8_t">>) -> !emitc.opaque<"float">
      "emitc.verbatim"() <{value = "// tcrv_emitc.local_variable=sumi source_op=tcrv_rvv.typed_flat_block_dot_loop_body role=compute op_interface=TCRVEmitCLowerableOpInterface"}> : () -> ()
      %18 = "emitc.variable"() <{value = #emitc.opaque<"">}> : () -> !emitc.lvalue<!emitc.opaque<"int32_t">>
      %19 = "emitc.literal"() <{value = "0"}> : () -> !emitc.opaque<"int32_t">
      "emitc.assign"(%18, %19) : (!emitc.lvalue<!emitc.opaque<"int32_t">>, !emitc.opaque<"int32_t">) -> ()
      "emitc.verbatim"() <{value = "// tcrv_emitc.source_op=tcrv_rvv.typed_flat_block_dot_loop_body role=compute op_interface=TCRVEmitCLowerableOpInterface callee=__riscv_vsetvl_e8m2"}> : () -> ()
      %20 = "emitc.literal"() <{value = "32"}> : () -> !emitc.opaque<"size_t">
      %21 = "emitc.call_opaque"(%20) <{callee = "__riscv_vsetvl_e8m2"}> : (!emitc.opaque<"size_t">) -> !emitc.opaque<"size_t">
      %22 = "emitc.literal"() <{value = "0"}> : () -> !emitc.opaque<"size_t">
      %23 = "emitc.literal"() <{value = "2"}> : () -> !emitc.opaque<"size_t">
      %24 = "emitc.add"(%12, %23) : (!emitc.ptr<!emitc.opaque<"const uint8_t">>, !emitc.opaque<"size_t">) -> !emitc.ptr<!emitc.opaque<"const uint8_t">>
      %25 = "emitc.add"(%24, %22) : (!emitc.ptr<!emitc.opaque<"const uint8_t">>, !emitc.opaque<"size_t">) -> !emitc.ptr<!emitc.opaque<"const uint8_t">>
      %26 = "emitc.cast"(%25) : (!emitc.ptr<!emitc.opaque<"const uint8_t">>) -> !emitc.ptr<!emitc.opaque<"const int8_t">>
      "emitc.verbatim"() <{value = "// tcrv_emitc.source_op=tcrv_rvv.typed_flat_block_dot_loop_body role=compute op_interface=TCRVEmitCLowerableOpInterface callee=__riscv_vle8_v_i8m2"}> : () -> ()
      %27 = "emitc.call_opaque"(%26, %21) <{callee = "__riscv_vle8_v_i8m2"}> : (!emitc.ptr<!emitc.opaque<"const int8_t">>, !emitc.opaque<"size_t">) -> !emitc.opaque<"vint8m2_t">
      %28 = "emitc.literal"() <{value = "2"}> : () -> !emitc.opaque<"size_t">
      %29 = "emitc.add"(%15, %28) : (!emitc.ptr<!emitc.opaque<"const uint8_t">>, !emitc.opaque<"size_t">) -> !emitc.ptr<!emitc.opaque<"const uint8_t">>
      %30 = "emitc.add"(%29, %22) : (!emitc.ptr<!emitc.opaque<"const uint8_t">>, !emitc.opaque<"size_t">) -> !emitc.ptr<!emitc.opaque<"const uint8_t">>
      %31 = "emitc.cast"(%30) : (!emitc.ptr<!emitc.opaque<"const uint8_t">>) -> !emitc.ptr<!emitc.opaque<"const int8_t">>
      "emitc.verbatim"() <{value = "// tcrv_emitc.source_op=tcrv_rvv.typed_flat_block_dot_loop_body role=compute op_interface=TCRVEmitCLowerableOpInterface callee=__riscv_vle8_v_i8m2"}> : () -> ()
      %32 = "emitc.call_opaque"(%31, %21) <{callee = "__riscv_vle8_v_i8m2"}> : (!emitc.ptr<!emitc.opaque<"const int8_t">>, !emitc.opaque<"size_t">) -> !emitc.opaque<"vint8m2_t">
      "emitc.verbatim"() <{value = "// tcrv_emitc.source_op=tcrv_rvv.typed_flat_block_dot_loop_body role=compute op_interface=TCRVEmitCLowerableOpInterface callee=__riscv_vwmul_vv_i16m4"}> : () -> ()
      %33 = "emitc.call_opaque"(%27, %32, %21) <{callee = "__riscv_vwmul_vv_i16m4"}> : (!emitc.opaque<"vint8m2_t">, !emitc.opaque<"vint8m2_t">, !emitc.opaque<"size_t">) -> !emitc.opaque<"vint16m4_t">
      "emitc.verbatim"() <{value = "// tcrv_emitc.source_op=tcrv_rvv.typed_flat_block_dot_loop_body role=compute op_interface=TCRVEmitCLowerableOpInterface callee=__riscv_vmv_v_x_i32m1"}> : () -> ()
      %34 = "emitc.literal"() <{value = "0"}> : () -> !emitc.opaque<"int32_t">
      %35 = "emitc.literal"() <{value = "1"}> : () -> !emitc.opaque<"size_t">
      %36 = "emitc.call_opaque"(%34, %35) <{callee = "__riscv_vmv_v_x_i32m1"}> : (!emitc.opaque<"int32_t">, !emitc.opaque<"size_t">) -> !emitc.opaque<"vint32m1_t">
      "emitc.verbatim"() <{value = "// tcrv_emitc.source_op=tcrv_rvv.typed_flat_block_dot_loop_body role=compute op_interface=TCRVEmitCLowerableOpInterface callee=__riscv_vwredsum_vs_i16m4_i32m1"}> : () -> ()
      %37 = "emitc.call_opaque"(%33, %36, %21) <{callee = "__riscv_vwredsum_vs_i16m4_i32m1"}> : (!emitc.opaque<"vint16m4_t">, !emitc.opaque<"vint32m1_t">, !emitc.opaque<"size_t">) -> !emitc.opaque<"vint32m1_t">
      "emitc.verbatim"() <{value = "// tcrv_emitc.source_op=tcrv_rvv.typed_flat_block_dot_loop_body role=compute op_interface=TCRVEmitCLowerableOpInterface callee=__riscv_vmv_x_s_i32m1_i32"}> : () -> ()
      %38 = "emitc.call_opaque"(%37) <{callee = "__riscv_vmv_x_s_i32m1_i32"}> : (!emitc.opaque<"vint32m1_t">) -> !emitc.opaque<"int32_t">
      "emitc.verbatim"() <{value = "// tcrv_emitc.assign target=sumi source_op=tcrv_rvv.typed_flat_block_dot_loop_body role=compute op_interface=TCRVEmitCLowerableOpInterface"}> : () -> ()
      "emitc.assign"(%18, %38) : (!emitc.lvalue<!emitc.opaque<"int32_t">>, !emitc.opaque<"int32_t">) -> ()
      "emitc.verbatim"() <{value = "// tcrv_emitc.source_op=tcrv_rvv.typed_flat_block_dot_loop_body role=compute op_interface=TCRVEmitCLowerableOpInterface callee=fp32_accumulate"}> : () -> ()
      %39 = "emitc.load"(%18) : (!emitc.lvalue<!emitc.opaque<"int32_t">>) -> !emitc.opaque<"int32_t">
      %40 = "emitc.load"(%1) : (!emitc.lvalue<!emitc.opaque<"float">>) -> !emitc.opaque<"float">
      %41 = "emitc.expression"() ({
        %42 = "emitc.cast"(%39) : (!emitc.opaque<"int32_t">) -> !emitc.opaque<"float">
        %43 = "emitc.mul"(%16, %17) : (!emitc.opaque<"float">, !emitc.opaque<"float">) -> !emitc.opaque<"float">
        %44 = "emitc.mul"(%42, %43) : (!emitc.opaque<"float">, !emitc.opaque<"float">) -> !emitc.opaque<"float">
        %45 = "emitc.add"(%40, %44) : (!emitc.opaque<"float">, !emitc.opaque<"float">) -> !emitc.opaque<"float">
        "emitc.yield"(%45) : (!emitc.opaque<"float">) -> ()
      }) : () -> !emitc.opaque<"float">
      "emitc.verbatim"() <{value = "// tcrv_emitc.assign target=sumf source_op=tcrv_rvv.typed_flat_block_dot_loop_body role=compute op_interface=TCRVEmitCLowerableOpInterface"}> : () -> ()
      "emitc.assign"(%1, %41) : (!emitc.lvalue<!emitc.opaque<"float">>, !emitc.opaque<"float">) -> ()
      "emitc.yield"() : () -> ()
    }) : (!emitc.opaque<"size_t">, !emitc.opaque<"size_t">, !emitc.opaque<"size_t">) -> ()
    "emitc.verbatim"() <{value = "// tcrv_emitc.source_op=tcrv_rvv.typed_flat_block_dot_loop_body role=compute op_interface=TCRVEmitCLowerableOpInterface callee=store_s"}> : () -> ()
    %7 = "emitc.literal"() <{value = "0"}> : () -> index
    %8 = "emitc.subscript"(%arg1, %7) : (!emitc.ptr<!emitc.opaque<"float">>, index) -> !emitc.lvalue<!emitc.opaque<"float">>
    %9 = "emitc.load"(%1) : (!emitc.lvalue<!emitc.opaque<"float">>) -> !emitc.opaque<"float">
    "emitc.assign"(%8, %9) : (!emitc.lvalue<!emitc.opaque<"float">>, !emitc.opaque<"float">) -> ()
    "emitc.return"() : () -> ()
  }) : () -> ()
}) : () -> ()
