experiments/ondevice-q8_0-mbf/ir/mbf2.emitc.mlir:1:1: error: TianChen-RV target artifact export failed: requires at least one tcrv.exec.kernel
module {
^
experiments/ondevice-q8_0-mbf/ir/mbf2.emitc.mlir:1:1: note: see current operation: 
"builtin.module"() ({
  "emitc.include"() <{include = "stddef.h", is_standard_include}> : () -> ()
  "emitc.include"() <{include = "stdint.h", is_standard_include}> : () -> ()
  "emitc.include"() <{include = "riscv_vector.h", is_standard_include}> : () -> ()
  "emitc.func"() <{function_type = (!emitc.opaque<"size_t">, !emitc.ptr<!emitc.opaque<"float">>, !emitc.opaque<"size_t">, !emitc.ptr<!emitc.opaque<"const uint8_t">>, !emitc.opaque<"size_t">, !emitc.ptr<!emitc.opaque<"const uint8_t">>, !emitc.opaque<"size_t">, !emitc.opaque<"int32_t">, !emitc.ptr<!emitc.opaque<"const int32_t">>) -> (), specifiers = ["extern", "\22C\22"], sym_name = "tcrv_emitc_ggml_vec_dot_q8_0_q8_0_kernel_rvv_q8_0_q8_0_block_dot"}> ({
  ^bb0(%arg0: !emitc.opaque<"size_t">, %arg1: !emitc.ptr<!emitc.opaque<"float">>, %arg2: !emitc.opaque<"size_t">, %arg3: !emitc.ptr<!emitc.opaque<"const uint8_t">>, %arg4: !emitc.opaque<"size_t">, %arg5: !emitc.ptr<!emitc.opaque<"const uint8_t">>, %arg6: !emitc.opaque<"size_t">, %arg7: !emitc.opaque<"int32_t">, %arg8: !emitc.ptr<!emitc.opaque<"const int32_t">>):
    "emitc.verbatim"() <{value = "// tcrv_emitc.route_source_op=tcrv_rvv.with_vl role=scope op_interface=TCRVEmitCLowerableOpInterface"}> : () -> ()
    "emitc.verbatim"() <{value = "// tcrv_emitc.source_op=tcrv_rvv.setvl role=configure op_interface=TCRVEmitCLowerableOpInterface callee=__riscv_vsetvl_e8m2"}> : () -> ()
    %0 = "emitc.call_opaque"(%arg0) <{callee = "__riscv_vsetvl_e8m2"}> : (!emitc.opaque<"size_t">) -> !emitc.opaque<"size_t">
    "emitc.verbatim"() <{value = "// tcrv_emitc.route_source_op=tcrv_rvv.typed_flat_block_dot_loop_body role=compute op_interface=TCRVEmitCLowerableOpInterface"}> : () -> ()
    "emitc.verbatim"() <{value = "// tcrv_emitc.local_variable=sumf source_op=tcrv_rvv.typed_flat_block_dot_loop_body role=compute op_interface=TCRVEmitCLowerableOpInterface"}> : () -> ()
    %1 = "emitc.variable"() <{value = #emitc.opaque<"">}> : () -> !emitc.lvalue<!emitc.opaque<"float">>
    %2 = "emitc.literal"() <{value = "0.0f"}> : () -> !emitc.opaque<"float">
    "emitc.assign"(%1, %2) : (!emitc.lvalue<!emitc.opaque<"float">>, !emitc.opaque<"float">) -> ()
    "emitc.verbatim"() <{value = "// tcrv_emitc.source_op=tcrv_rvv.typed_flat_block_dot_loop_body role=compute op_interface=TCRVEmitCLowerableOpInterface callee=block_count"}> : () -> ()
    %3 = "emitc.literal"() <{value = "32"}> : () -> !emitc.opaque<"size_t">
    %4 = "emitc.div"(%arg0, %3) : (!emitc.opaque<"size_t">, !emitc.opaque<"size_t">) -> !emitc.opaque<"size_t">
    %5 = "emitc.literal"() <{value = "2"}> : () -> !emitc.opaque<"size_t">
    %6 = "emitc.rem"(%4, %5) : (!emitc.opaque<"size_t">, !emitc.opaque<"size_t">) -> !emitc.opaque<"size_t">
    %7 = "emitc.sub"(%4, %6) : (!emitc.opaque<"size_t">, !emitc.opaque<"size_t">) -> !emitc.opaque<"size_t">
    %8 = "emitc.literal"() <{value = "0"}> : () -> !emitc.opaque<"size_t">
    "emitc.for"(%8, %7, %5) ({
    ^bb0(%arg11: !emitc.opaque<"size_t">):
      "emitc.verbatim"() <{value = "// tcrv_emitc.source_op=tcrv_rvv.typed_flat_block_dot_loop_body role=compute op_interface=TCRVEmitCLowerableOpInterface callee=block_base_x"}> : () -> ()
      %53 = "emitc.literal"() <{value = "34"}> : () -> !emitc.opaque<"size_t">
      %54 = "emitc.mul"(%arg11, %53) : (!emitc.opaque<"size_t">, !emitc.opaque<"size_t">) -> !emitc.opaque<"size_t">
      %55 = "emitc.add"(%arg3, %54) : (!emitc.ptr<!emitc.opaque<"const uint8_t">>, !emitc.opaque<"size_t">) -> !emitc.ptr<!emitc.opaque<"const uint8_t">>
      "emitc.verbatim"() <{value = "// tcrv_emitc.source_op=tcrv_rvv.typed_flat_block_dot_loop_body role=compute op_interface=TCRVEmitCLowerableOpInterface callee=block_base_y"}> : () -> ()
      %56 = "emitc.literal"() <{value = "34"}> : () -> !emitc.opaque<"size_t">
      %57 = "emitc.mul"(%arg11, %56) : (!emitc.opaque<"size_t">, !emitc.opaque<"size_t">) -> !emitc.opaque<"size_t">
      %58 = "emitc.add"(%arg5, %57) : (!emitc.ptr<!emitc.opaque<"const uint8_t">>, !emitc.opaque<"size_t">) -> !emitc.ptr<!emitc.opaque<"const uint8_t">>
      "emitc.verbatim"() <{value = "// tcrv_emitc.source_op=tcrv_rvv.typed_flat_block_dot_loop_body role=compute op_interface=TCRVEmitCLowerableOpInterface callee=fcvt.s.h"}> : () -> ()
      %59 = "emitc.call_opaque"(%55) <{callee = "(float)*(const _Float16 *)"}> : (!emitc.ptr<!emitc.opaque<"const uint8_t">>) -> !emitc.opaque<"float">
      "emitc.verbatim"() <{value = "// tcrv_emitc.source_op=tcrv_rvv.typed_flat_block_dot_loop_body role=compute op_interface=TCRVEmitCLowerableOpInterface callee=fcvt.s.h"}> : () -> ()
      %60 = "emitc.call_opaque"(%58) <{callee = "(float)*(const _Float16 *)"}> : (!emitc.ptr<!emitc.opaque<"const uint8_t">>) -> !emitc.opaque<"float">
      "emitc.verbatim"() <{value = "// tcrv_emitc.local_variable=sumi source_op=tcrv_rvv.typed_flat_block_dot_loop_body role=compute op_interface=TCRVEmitCLowerableOpInterface"}> : () -> ()
      %61 = "emitc.variable"() <{value = #emitc.opaque<"">}> : () -> !emitc.lvalue<!emitc.opaque<"int32_t">>
      %62 = "emitc.literal"() <{value = "0"}> : () -> !emitc.opaque<"int32_t">
      "emitc.assign"(%61, %62) : (!emitc.lvalue<!emitc.opaque<"int32_t">>, !emitc.opaque<"int32_t">) -> ()
      "emitc.verbatim"() <{value = "// tcrv_emitc.source_op=tcrv_rvv.typed_flat_block_dot_loop_body role=compute op_interface=TCRVEmitCLowerableOpInterface callee=__riscv_vsetvl_e8m2"}> : () -> ()
      %63 = "emitc.literal"() <{value = "32"}> : () -> !emitc.opaque<"size_t">
      %64 = "emitc.call_opaque"(%63) <{callee = "__riscv_vsetvl_e8m2"}> : (!emitc.opaque<"size_t">) -> !emitc.opaque<"size_t">
      %65 = "emitc.literal"() <{value = "0"}> : () -> !emitc.opaque<"size_t">
      %66 = "emitc.literal"() <{value = "2"}> : () -> !emitc.opaque<"size_t">
      %67 = "emitc.add"(%55, %66) : (!emitc.ptr<!emitc.opaque<"const uint8_t">>, !emitc.opaque<"size_t">) -> !emitc.ptr<!emitc.opaque<"const uint8_t">>
      %68 = "emitc.add"(%67, %65) : (!emitc.ptr<!emitc.opaque<"const uint8_t">>, !emitc.opaque<"size_t">) -> !emitc.ptr<!emitc.opaque<"const uint8_t">>
      %69 = "emitc.cast"(%68) : (!emitc.ptr<!emitc.opaque<"const uint8_t">>) -> !emitc.ptr<!emitc.opaque<"const int8_t">>
      "emitc.verbatim"() <{value = "// tcrv_emitc.source_op=tcrv_rvv.typed_flat_block_dot_loop_body role=compute op_interface=TCRVEmitCLowerableOpInterface callee=__riscv_vle8_v_i8m2"}> : () -> ()
      %70 = "emitc.call_opaque"(%69, %64) <{callee = "__riscv_vle8_v_i8m2"}> : (!emitc.ptr<!emitc.opaque<"const int8_t">>, !emitc.opaque<"size_t">) -> !emitc.opaque<"vint8m2_t">
      %71 = "emitc.literal"() <{value = "2"}> : () -> !emitc.opaque<"size_t">
      %72 = "emitc.add"(%58, %71) : (!emitc.ptr<!emitc.opaque<"const uint8_t">>, !emitc.opaque<"size_t">) -> !emitc.ptr<!emitc.opaque<"const uint8_t">>
      %73 = "emitc.add"(%72, %65) : (!emitc.ptr<!emitc.opaque<"const uint8_t">>, !emitc.opaque<"size_t">) -> !emitc.ptr<!emitc.opaque<"const uint8_t">>
      %74 = "emitc.cast"(%73) : (!emitc.ptr<!emitc.opaque<"const uint8_t">>) -> !emitc.ptr<!emitc.opaque<"const int8_t">>
      "emitc.verbatim"() <{value = "// tcrv_emitc.source_op=tcrv_rvv.typed_flat_block_dot_loop_body role=compute op_interface=TCRVEmitCLowerableOpInterface callee=__riscv_vle8_v_i8m2"}> : () -> ()
      %75 = "emitc.call_opaque"(%74, %64) <{callee = "__riscv_vle8_v_i8m2"}> : (!emitc.ptr<!emitc.opaque<"const int8_t">>, !emitc.opaque<"size_t">) -> !emitc.opaque<"vint8m2_t">
      "emitc.verbatim"() <{value = "// tcrv_emitc.source_op=tcrv_rvv.typed_flat_block_dot_loop_body role=compute op_interface=TCRVEmitCLowerableOpInterface callee=__riscv_vwmul_vv_i16m4"}> : () -> ()
      %76 = "emitc.call_opaque"(%70, %75, %64) <{callee = "__riscv_vwmul_vv_i16m4"}> : (!emitc.opaque<"vint8m2_t">, !emitc.opaque<"vint8m2_t">, !emitc.opaque<"size_t">) -> !emitc.opaque<"vint16m4_t">
      "emitc.verbatim"() <{value = "// tcrv_emitc.source_op=tcrv_rvv.typed_flat_block_dot_loop_body role=compute op_interface=TCRVEmitCLowerableOpInterface callee=__riscv_vmv_v_x_i32m1"}> : () -> ()
      %77 = "emitc.literal"() <{value = "0"}> : () -> !emitc.opaque<"int32_t">
      %78 = "emitc.literal"() <{value = "1"}> : () -> !emitc.opaque<"size_t">
      %79 = "emitc.call_opaque"(%77, %78) <{callee = "__riscv_vmv_v_x_i32m1"}> : (!emitc.opaque<"int32_t">, !emitc.opaque<"size_t">) -> !emitc.opaque<"vint32m1_t">
      "emitc.verbatim"() <{value = "// tcrv_emitc.source_op=tcrv_rvv.typed_flat_block_dot_loop_body role=compute op_interface=TCRVEmitCLowerableOpInterface callee=__riscv_vwredsum_vs_i16m4_i32m1"}> : () -> ()
      %80 = "emitc.call_opaque"(%76, %79, %64) <{callee = "__riscv_vwredsum_vs_i16m4_i32m1"}> : (!emitc.opaque<"vint16m4_t">, !emitc.opaque<"vint32m1_t">, !emitc.opaque<"size_t">) -> !emitc.opaque<"vint32m1_t">
      "emitc.verbatim"() <{value = "// tcrv_emitc.source_op=tcrv_rvv.typed_flat_block_dot_loop_body role=compute op_interface=TCRVEmitCLowerableOpInterface callee=__riscv_vmv_x_s_i32m1_i32"}> : () -> ()
      %81 = "emitc.call_opaque"(%80) <{callee = "__riscv_vmv_x_s_i32m1_i32"}> : (!emitc.opaque<"vint32m1_t">) -> !emitc.opaque<"int32_t">
      "emitc.verbatim"() <{value = "// tcrv_emitc.assign target=sumi source_op=tcrv_rvv.typed_flat_block_dot_loop_body role=compute op_interface=TCRVEmitCLowerableOpInterface"}> : () -> ()
      "emitc.assign"(%61, %81) : (!emitc.lvalue<!emitc.opaque<"int32_t">>, !emitc.opaque<"int32_t">) -> ()
      "emitc.verbatim"() <{value = "// tcrv_emitc.source_op=tcrv_rvv.typed_flat_block_dot_loop_body role=compute op_interface=TCRVEmitCLowerableOpInterface callee=block_base_x"}> : () -> ()
      %82 = "emitc.literal"() <{value = "1"}> : () -> !emitc.opaque<"size_t">
      %83 = "emitc.add"(%arg11, %82) : (!emitc.opaque<"size_t">, !emitc.opaque<"size_t">) -> !emitc.opaque<"size_t">
      %84 = "emitc.literal"() <{value = "34"}> : () -> !emitc.opaque<"size_t">
      %85 = "emitc.mul"(%83, %84) : (!emitc.opaque<"size_t">, !emitc.opaque<"size_t">) -> !emitc.opaque<"size_t">
      %86 = "emitc.add"(%arg3, %85) : (!emitc.ptr<!emitc.opaque<"const uint8_t">>, !emitc.opaque<"size_t">) -> !emitc.ptr<!emitc.opaque<"const uint8_t">>
      "emitc.verbatim"() <{value = "// tcrv_emitc.source_op=tcrv_rvv.typed_flat_block_dot_loop_body role=compute op_interface=TCRVEmitCLowerableOpInterface callee=block_base_y"}> : () -> ()
      %87 = "emitc.literal"() <{value = "1"}> : () -> !emitc.opaque<"size_t">
      %88 = "emitc.add"(%arg11, %87) : (!emitc.opaque<"size_t">, !emitc.opaque<"size_t">) -> !emitc.opaque<"size_t">
      %89 = "emitc.literal"() <{value = "34"}> : () -> !emitc.opaque<"size_t">
      %90 = "emitc.mul"(%88, %89) : (!emitc.opaque<"size_t">, !emitc.opaque<"size_t">) -> !emitc.opaque<"size_t">
      %91 = "emitc.add"(%arg5, %90) : (!emitc.ptr<!emitc.opaque<"const uint8_t">>, !emitc.opaque<"size_t">) -> !emitc.ptr<!emitc.opaque<"const uint8_t">>
      "emitc.verbatim"() <{value = "// tcrv_emitc.source_op=tcrv_rvv.typed_flat_block_dot_loop_body role=compute op_interface=TCRVEmitCLowerableOpInterface callee=fcvt.s.h"}> : () -> ()
      %92 = "emitc.call_opaque"(%86) <{callee = "(float)*(const _Float16 *)"}> : (!emitc.ptr<!emitc.opaque<"const uint8_t">>) -> !emitc.opaque<"float">
      "emitc.verbatim"() <{value = "// tcrv_emitc.source_op=tcrv_rvv.typed_flat_block_dot_loop_body role=compute op_interface=TCRVEmitCLowerableOpInterface callee=fcvt.s.h"}> : () -> ()
      %93 = "emitc.call_opaque"(%91) <{callee = "(float)*(const _Float16 *)"}> : (!emitc.ptr<!emitc.opaque<"const uint8_t">>) -> !emitc.opaque<"float">
      "emitc.verbatim"() <{value = "// tcrv_emitc.local_variable=sumi source_op=tcrv_rvv.typed_flat_block_dot_loop_body role=compute op_interface=TCRVEmitCLowerableOpInterface"}> : () -> ()
      %94 = "emitc.variable"() <{value = #emitc.opaque<"">}> : () -> !emitc.lvalue<!emitc.opaque<"int32_t">>
      %95 = "emitc.literal"() <{value = "0"}> : () -> !emitc.opaque<"int32_t">
      "emitc.assign"(%94, %95) : (!emitc.lvalue<!emitc.opaque<"int32_t">>, !emitc.opaque<"int32_t">) -> ()
      "emitc.verbatim"() <{value = "// tcrv_emitc.source_op=tcrv_rvv.typed_flat_block_dot_loop_body role=compute op_interface=TCRVEmitCLowerableOpInterface callee=__riscv_vsetvl_e8m2"}> : () -> ()
      %96 = "emitc.literal"() <{value = "32"}> : () -> !emitc.opaque<"size_t">
      %97 = "emitc.call_opaque"(%96) <{callee = "__riscv_vsetvl_e8m2"}> : (!emitc.opaque<"size_t">) -> !emitc.opaque<"size_t">
      %98 = "emitc.literal"() <{value = "0"}> : () -> !emitc.opaque<"size_t">
      %99 = "emitc.literal"() <{value = "2"}> : () -> !emitc.opaque<"size_t">
      %100 = "emitc.add"(%86, %99) : (!emitc.ptr<!emitc.opaque<"const uint8_t">>, !emitc.opaque<"size_t">) -> !emitc.ptr<!emitc.opaque<"const uint8_t">>
      %101 = "emitc.add"(%100, %98) : (!emitc.ptr<!emitc.opaque<"const uint8_t">>, !emitc.opaque<"size_t">) -> !emitc.ptr<!emitc.opaque<"const uint8_t">>
      %102 = "emitc.cast"(%101) : (!emitc.ptr<!emitc.opaque<"const uint8_t">>) -> !emitc.ptr<!emitc.opaque<"const int8_t">>
      "emitc.verbatim"() <{value = "// tcrv_emitc.source_op=tcrv_rvv.typed_flat_block_dot_loop_body role=compute op_interface=TCRVEmitCLowerableOpInterface callee=__riscv_vle8_v_i8m2"}> : () -> ()
      %103 = "emitc.call_opaque"(%102, %97) <{callee = "__riscv_vle8_v_i8m2"}> : (!emitc.ptr<!emitc.opaque<"const int8_t">>, !emitc.opaque<"size_t">) -> !emitc.opaque<"vint8m2_t">
      %104 = "emitc.literal"() <{value = "2"}> : () -> !emitc.opaque<"size_t">
      %105 = "emitc.add"(%91, %104) : (!emitc.ptr<!emitc.opaque<"const uint8_t">>, !emitc.opaque<"size_t">) -> !emitc.ptr<!emitc.opaque<"const uint8_t">>
      %106 = "emitc.add"(%105, %98) : (!emitc.ptr<!emitc.opaque<"const uint8_t">>, !emitc.opaque<"size_t">) -> !emitc.ptr<!emitc.opaque<"const uint8_t">>
      %107 = "emitc.cast"(%106) : (!emitc.ptr<!emitc.opaque<"const uint8_t">>) -> !emitc.ptr<!emitc.opaque<"const int8_t">>
      "emitc.verbatim"() <{value = "// tcrv_emitc.source_op=tcrv_rvv.typed_flat_block_dot_loop_body role=compute op_interface=TCRVEmitCLowerableOpInterface callee=__riscv_vle8_v_i8m2"}> : () -> ()
      %108 = "emitc.call_opaque"(%107, %97) <{callee = "__riscv_vle8_v_i8m2"}> : (!emitc.ptr<!emitc.opaque<"const int8_t">>, !emitc.opaque<"size_t">) -> !emitc.opaque<"vint8m2_t">
      "emitc.verbatim"() <{value = "// tcrv_emitc.source_op=tcrv_rvv.typed_flat_block_dot_loop_body role=compute op_interface=TCRVEmitCLowerableOpInterface callee=__riscv_vwmul_vv_i16m4"}> : () -> ()
      %109 = "emitc.call_opaque"(%103, %108, %97) <{callee = "__riscv_vwmul_vv_i16m4"}> : (!emitc.opaque<"vint8m2_t">, !emitc.opaque<"vint8m2_t">, !emitc.opaque<"size_t">) -> !emitc.opaque<"vint16m4_t">
      "emitc.verbatim"() <{value = "// tcrv_emitc.source_op=tcrv_rvv.typed_flat_block_dot_loop_body role=compute op_interface=TCRVEmitCLowerableOpInterface callee=__riscv_vmv_v_x_i32m1"}> : () -> ()
      %110 = "emitc.literal"() <{value = "0"}> : () -> !emitc.opaque<"int32_t">
      %111 = "emitc.literal"() <{value = "1"}> : () -> !emitc.opaque<"size_t">
      %112 = "emitc.call_opaque"(%110, %111) <{callee = "__riscv_vmv_v_x_i32m1"}> : (!emitc.opaque<"int32_t">, !emitc.opaque<"size_t">) -> !emitc.opaque<"vint32m1_t">
      "emitc.verbatim"() <{value = "// tcrv_emitc.source_op=tcrv_rvv.typed_flat_block_dot_loop_body role=compute op_interface=TCRVEmitCLowerableOpInterface callee=__riscv_vwredsum_vs_i16m4_i32m1"}> : () -> ()
      %113 = "emitc.call_opaque"(%109, %112, %97) <{callee = "__riscv_vwredsum_vs_i16m4_i32m1"}> : (!emitc.opaque<"vint16m4_t">, !emitc.opaque<"vint32m1_t">, !emitc.opaque<"size_t">) -> !emitc.opaque<"vint32m1_t">
      "emitc.verbatim"() <{value = "// tcrv_emitc.source_op=tcrv_rvv.typed_flat_block_dot_loop_body role=compute op_interface=TCRVEmitCLowerableOpInterface callee=__riscv_vmv_x_s_i32m1_i32"}> : () -> ()
      %114 = "emitc.call_opaque"(%113) <{callee = "__riscv_vmv_x_s_i32m1_i32"}> : (!emitc.opaque<"vint32m1_t">) -> !emitc.opaque<"int32_t">
      "emitc.verbatim"() <{value = "// tcrv_emitc.assign target=sumi source_op=tcrv_rvv.typed_flat_block_dot_loop_body role=compute op_interface=TCRVEmitCLowerableOpInterface"}> : () -> ()
      "emitc.assign"(%94, %114) : (!emitc.lvalue<!emitc.opaque<"int32_t">>, !emitc.opaque<"int32_t">) -> ()
      "emitc.verbatim"() <{value = "// tcrv_emitc.source_op=tcrv_rvv.typed_flat_block_dot_loop_body role=compute op_interface=TCRVEmitCLowerableOpInterface callee=fp32_accumulate"}> : () -> ()
      %115 = "emitc.load"(%61) : (!emitc.lvalue<!emitc.opaque<"int32_t">>) -> !emitc.opaque<"int32_t">
      %116 = "emitc.load"(%1) : (!emitc.lvalue<!emitc.opaque<"float">>) -> !emitc.opaque<"float">
      %117 = "emitc.expression"() ({
        %125 = "emitc.cast"(%115) : (!emitc.opaque<"int32_t">) -> !emitc.opaque<"float">
        %126 = "emitc.mul"(%59, %60) : (!emitc.opaque<"float">, !emitc.opaque<"float">) -> !emitc.opaque<"float">
        %127 = "emitc.mul"(%125, %126) : (!emitc.opaque<"float">, !emitc.opaque<"float">) -> !emitc.opaque<"float">
        %128 = "emitc.add"(%116, %127) : (!emitc.opaque<"float">, !emitc.opaque<"float">) -> !emitc.opaque<"float">
        "emitc.yield"(%128) : (!emitc.opaque<"float">) -> ()
      }) : () -> !emitc.opaque<"float">
      "emitc.verbatim"() <{value = "// tcrv_emitc.assign target=sumf source_op=tcrv_rvv.typed_flat_block_dot_loop_body role=compute op_interface=TCRVEmitCLowerableOpInterface"}> : () -> ()
      "emitc.assign"(%1, %117) : (!emitc.lvalue<!emitc.opaque<"float">>, !emitc.opaque<"float">) -> ()
      "emitc.verbatim"() <{value = "// tcrv_emitc.source_op=tcrv_rvv.typed_flat_block_dot_loop_body role=compute op_interface=TCRVEmitCLowerableOpInterface callee=fp32_accumulate"}> : () -> ()
      %118 = "emitc.load"(%94) : (!emitc.lvalue<!emitc.opaque<"int32_t">>) -> !emitc.opaque<"int32_t">
      %119 = "emitc.load"(%1) : (!emitc.lvalue<!emitc.opaque<"float">>) -> !emitc.opaque<"float">
      %120 = "emitc.expression"() ({
        %121 = "emitc.cast"(%118) : (!emitc.opaque<"int32_t">) -> !emitc.opaque<"float">
        %122 = "emitc.mul"(%92, %93) : (!emitc.opaque<"float">, !emitc.opaque<"float">) -> !emitc.opaque<"float">
        %123 = "emitc.mul"(%121, %122) : (!emitc.opaque<"float">, !emitc.opaque<"float">) -> !emitc.opaque<"float">
        %124 = "emitc.add"(%119, %123) : (!emitc.opaque<"float">, !emitc.opaque<"float">) -> !emitc.opaque<"float">
        "emitc.yield"(%124) : (!emitc.opaque<"float">) -> ()
      }) : () -> !emitc.opaque<"float">
      "emitc.verbatim"() <{value = "// tcrv_emitc.assign target=sumf source_op=tcrv_rvv.typed_flat_block_dot_loop_body role=compute op_interface=TCRVEmitCLowerableOpInterface"}> : () -> ()
      "emitc.assign"(%1, %120) : (!emitc.lvalue<!emitc.opaque<"float">>, !emitc.opaque<"float">) -> ()
      "emitc.yield"() : () -> ()
    }) : (!emitc.opaque<"size_t">, !emitc.opaque<"size_t">, !emitc.opaque<"size_t">) -> ()
    %9 = "emitc.literal"() <{value = "1"}> : () -> !emitc.opaque<"size_t">
    "emitc.for"(%7, %4, %9) ({
    ^bb0(%arg9: !emitc.opaque<"size_t">):
      "emitc.verbatim"() <{value = "// tcrv_emitc.source_op=tcrv_rvv.typed_flat_block_dot_loop_body role=compute op_interface=TCRVEmitCLowerableOpInterface callee=block_base_x"}> : () -> ()
      %13 = "emitc.literal"() <{value = "34"}> : () -> !emitc.opaque<"size_t">
      %14 = "emitc.mul"(%arg9, %13) : (!emitc.opaque<"size_t">, !emitc.opaque<"size_t">) -> !emitc.opaque<"size_t">
      %15 = "emitc.add"(%arg3, %14) : (!emitc.ptr<!emitc.opaque<"const uint8_t">>, !emitc.opaque<"size_t">) -> !emitc.ptr<!emitc.opaque<"const uint8_t">>
      "emitc.verbatim"() <{value = "// tcrv_emitc.source_op=tcrv_rvv.typed_flat_block_dot_loop_body role=compute op_interface=TCRVEmitCLowerableOpInterface callee=block_base_y"}> : () -> ()
      %16 = "emitc.literal"() <{value = "34"}> : () -> !emitc.opaque<"size_t">
      %17 = "emitc.mul"(%arg9, %16) : (!emitc.opaque<"size_t">, !emitc.opaque<"size_t">) -> !emitc.opaque<"size_t">
      %18 = "emitc.add"(%arg5, %17) : (!emitc.ptr<!emitc.opaque<"const uint8_t">>, !emitc.opaque<"size_t">) -> !emitc.ptr<!emitc.opaque<"const uint8_t">>
      "emitc.verbatim"() <{value = "// tcrv_emitc.source_op=tcrv_rvv.typed_flat_block_dot_loop_body role=compute op_interface=TCRVEmitCLowerableOpInterface callee=fcvt.s.h"}> : () -> ()
      %19 = "emitc.call_opaque"(%15) <{callee = "(float)*(const _Float16 *)"}> : (!emitc.ptr<!emitc.opaque<"const uint8_t">>) -> !emitc.opaque<"float">
      "emitc.verbatim"() <{value = "// tcrv_emitc.source_op=tcrv_rvv.typed_flat_block_dot_loop_body role=compute op_interface=TCRVEmitCLowerableOpInterface callee=fcvt.s.h"}> : () -> ()
      %20 = "emitc.call_opaque"(%18) <{callee = "(float)*(const _Float16 *)"}> : (!emitc.ptr<!emitc.opaque<"const uint8_t">>) -> !emitc.opaque<"float">
      "emitc.verbatim"() <{value = "// tcrv_emitc.local_variable=sumi source_op=tcrv_rvv.typed_flat_block_dot_loop_body role=compute op_interface=TCRVEmitCLowerableOpInterface"}> : () -> ()
      %21 = "emitc.variable"() <{value = #emitc.opaque<"">}> : () -> !emitc.lvalue<!emitc.opaque<"int32_t">>
      %22 = "emitc.literal"() <{value = "0"}> : () -> !emitc.opaque<"int32_t">
      "emitc.assign"(%21, %22) : (!emitc.lvalue<!emitc.opaque<"int32_t">>, !emitc.opaque<"int32_t">) -> ()
      "emitc.verbatim"() <{value = "// tcrv_emitc.source_op=tcrv_rvv.typed_flat_block_dot_loop_body role=compute op_interface=TCRVEmitCLowerableOpInterface callee=__riscv_vsetvl_e8m2"}> : () -> ()
      %23 = "emitc.literal"() <{value = "32"}> : () -> !emitc.opaque<"size_t">
      %24 = "emitc.call_opaque"(%23) <{callee = "__riscv_vsetvl_e8m2"}> : (!emitc.opaque<"size_t">) -> !emitc.opaque<"size_t">
      %25 = "emitc.literal"() <{value = "32"}> : () -> !emitc.opaque<"size_t">
      %26 = "emitc.literal"() <{value = "0"}> : () -> !emitc.opaque<"size_t">
      "emitc.for"(%26, %25, %24) ({
      ^bb0(%arg10: !emitc.opaque<"size_t">):
        "emitc.verbatim"() <{value = "// tcrv_emitc.source_op=tcrv_rvv.typed_flat_block_dot_loop_body role=compute op_interface=TCRVEmitCLowerableOpInterface callee=__riscv_vsetvl_e8m2"}> : () -> ()
        %34 = "emitc.literal"() <{value = "32"}> : () -> !emitc.opaque<"size_t">
        %35 = "emitc.sub"(%34, %arg10) : (!emitc.opaque<"size_t">, !emitc.opaque<"size_t">) -> !emitc.opaque<"size_t">
        %36 = "emitc.call_opaque"(%35) <{callee = "__riscv_vsetvl_e8m2"}> : (!emitc.opaque<"size_t">) -> !emitc.opaque<"size_t">
        %37 = "emitc.literal"() <{value = "2"}> : () -> !emitc.opaque<"size_t">
        %38 = "emitc.add"(%15, %37) : (!emitc.ptr<!emitc.opaque<"const uint8_t">>, !emitc.opaque<"size_t">) -> !emitc.ptr<!emitc.opaque<"const uint8_t">>
        %39 = "emitc.add"(%38, %arg10) : (!emitc.ptr<!emitc.opaque<"const uint8_t">>, !emitc.opaque<"size_t">) -> !emitc.ptr<!emitc.opaque<"const uint8_t">>
        %40 = "emitc.cast"(%39) : (!emitc.ptr<!emitc.opaque<"const uint8_t">>) -> !emitc.ptr<!emitc.opaque<"const int8_t">>
        "emitc.verbatim"() <{value = "// tcrv_emitc.source_op=tcrv_rvv.typed_flat_block_dot_loop_body role=compute op_interface=TCRVEmitCLowerableOpInterface callee=__riscv_vle8_v_i8m2"}> : () -> ()
        %41 = "emitc.call_opaque"(%40, %36) <{callee = "__riscv_vle8_v_i8m2"}> : (!emitc.ptr<!emitc.opaque<"const int8_t">>, !emitc.opaque<"size_t">) -> !emitc.opaque<"vint8m2_t">
        %42 = "emitc.literal"() <{value = "2"}> : () -> !emitc.opaque<"size_t">
        %43 = "emitc.add"(%18, %42) : (!emitc.ptr<!emitc.opaque<"const uint8_t">>, !emitc.opaque<"size_t">) -> !emitc.ptr<!emitc.opaque<"const uint8_t">>
        %44 = "emitc.add"(%43, %arg10) : (!emitc.ptr<!emitc.opaque<"const uint8_t">>, !emitc.opaque<"size_t">) -> !emitc.ptr<!emitc.opaque<"const uint8_t">>
        %45 = "emitc.cast"(%44) : (!emitc.ptr<!emitc.opaque<"const uint8_t">>) -> !emitc.ptr<!emitc.opaque<"const int8_t">>
        "emitc.verbatim"() <{value = "// tcrv_emitc.source_op=tcrv_rvv.typed_flat_block_dot_loop_body role=compute op_interface=TCRVEmitCLowerableOpInterface callee=__riscv_vle8_v_i8m2"}> : () -> ()
        %46 = "emitc.call_opaque"(%45, %36) <{callee = "__riscv_vle8_v_i8m2"}> : (!emitc.ptr<!emitc.opaque<"const int8_t">>, !emitc.opaque<"size_t">) -> !emitc.opaque<"vint8m2_t">
        "emitc.verbatim"() <{value = "// tcrv_emitc.source_op=tcrv_rvv.typed_flat_block_dot_loop_body role=compute op_interface=TCRVEmitCLowerableOpInterface callee=__riscv_vwmul_vv_i16m4"}> : () -> ()
        %47 = "emitc.call_opaque"(%41, %46, %36) <{callee = "__riscv_vwmul_vv_i16m4"}> : (!emitc.opaque<"vint8m2_t">, !emitc.opaque<"vint8m2_t">, !emitc.opaque<"size_t">) -> !emitc.opaque<"vint16m4_t">
        "emitc.verbatim"() <{value = "// tcrv_emitc.source_op=tcrv_rvv.typed_flat_block_dot_loop_body role=compute op_interface=TCRVEmitCLowerableOpInterface callee=__riscv_vmv_v_x_i32m1"}> : () -> ()
        %48 = "emitc.load"(%21) : (!emitc.lvalue<!emitc.opaque<"int32_t">>) -> !emitc.opaque<"int32_t">
        %49 = "emitc.literal"() <{value = "1"}> : () -> !emitc.opaque<"size_t">
        %50 = "emitc.call_opaque"(%48, %49) <{callee = "__riscv_vmv_v_x_i32m1"}> : (!emitc.opaque<"int32_t">, !emitc.opaque<"size_t">) -> !emitc.opaque<"vint32m1_t">
        "emitc.verbatim"() <{value = "// tcrv_emitc.source_op=tcrv_rvv.typed_flat_block_dot_loop_body role=compute op_interface=TCRVEmitCLowerableOpInterface callee=__riscv_vwredsum_vs_i16m4_i32m1"}> : () -> ()
        %51 = "emitc.call_opaque"(%47, %50, %36) <{callee = "__riscv_vwredsum_vs_i16m4_i32m1"}> : (!emitc.opaque<"vint16m4_t">, !emitc.opaque<"vint32m1_t">, !emitc.opaque<"size_t">) -> !emitc.opaque<"vint32m1_t">
        "emitc.verbatim"() <{value = "// tcrv_emitc.source_op=tcrv_rvv.typed_flat_block_dot_loop_body role=compute op_interface=TCRVEmitCLowerableOpInterface callee=__riscv_vmv_x_s_i32m1_i32"}> : () -> ()
        %52 = "emitc.call_opaque"(%51) <{callee = "__riscv_vmv_x_s_i32m1_i32"}> : (!emitc.opaque<"vint32m1_t">) -> !emitc.opaque<"int32_t">
        "emitc.verbatim"() <{value = "// tcrv_emitc.assign target=sumi source_op=tcrv_rvv.typed_flat_block_dot_loop_body role=compute op_interface=TCRVEmitCLowerableOpInterface"}> : () -> ()
        "emitc.assign"(%21, %52) : (!emitc.lvalue<!emitc.opaque<"int32_t">>, !emitc.opaque<"int32_t">) -> ()
        "emitc.yield"() : () -> ()
      }) : (!emitc.opaque<"size_t">, !emitc.opaque<"size_t">, !emitc.opaque<"size_t">) -> ()
      "emitc.verbatim"() <{value = "// tcrv_emitc.source_op=tcrv_rvv.typed_flat_block_dot_loop_body role=compute op_interface=TCRVEmitCLowerableOpInterface callee=fp32_accumulate"}> : () -> ()
      %27 = "emitc.load"(%21) : (!emitc.lvalue<!emitc.opaque<"int32_t">>) -> !emitc.opaque<"int32_t">
      %28 = "emitc.load"(%1) : (!emitc.lvalue<!emitc.opaque<"float">>) -> !emitc.opaque<"float">
      %29 = "emitc.expression"() ({
        %30 = "emitc.cast"(%27) : (!emitc.opaque<"int32_t">) -> !emitc.opaque<"float">
        %31 = "emitc.mul"(%19, %20) : (!emitc.opaque<"float">, !emitc.opaque<"float">) -> !emitc.opaque<"float">
        %32 = "emitc.mul"(%30, %31) : (!emitc.opaque<"float">, !emitc.opaque<"float">) -> !emitc.opaque<"float">
        %33 = "emitc.add"(%28, %32) : (!emitc.opaque<"float">, !emitc.opaque<"float">) -> !emitc.opaque<"float">
        "emitc.yield"(%33) : (!emitc.opaque<"float">) -> ()
      }) : () -> !emitc.opaque<"float">
      "emitc.verbatim"() <{value = "// tcrv_emitc.assign target=sumf source_op=tcrv_rvv.typed_flat_block_dot_loop_body role=compute op_interface=TCRVEmitCLowerableOpInterface"}> : () -> ()
      "emitc.assign"(%1, %29) : (!emitc.lvalue<!emitc.opaque<"float">>, !emitc.opaque<"float">) -> ()
      "emitc.yield"() : () -> ()
    }) : (!emitc.opaque<"size_t">, !emitc.opaque<"size_t">, !emitc.opaque<"size_t">) -> ()
    "emitc.verbatim"() <{value = "// tcrv_emitc.source_op=tcrv_rvv.typed_flat_block_dot_loop_body role=compute op_interface=TCRVEmitCLowerableOpInterface callee=store_s"}> : () -> ()
    %10 = "emitc.literal"() <{value = "0"}> : () -> index
    %11 = "emitc.subscript"(%arg1, %10) : (!emitc.ptr<!emitc.opaque<"float">>, index) -> !emitc.lvalue<!emitc.opaque<"float">>
    %12 = "emitc.load"(%1) : (!emitc.lvalue<!emitc.opaque<"float">>) -> !emitc.opaque<"float">
    "emitc.assign"(%11, %12) : (!emitc.lvalue<!emitc.opaque<"float">>, !emitc.opaque<"float">) -> ()
    "emitc.return"() : () -> ()
  }) : () -> ()
}) : () -> ()
