<stdin>:1:1: error: TianChen-RV RVV monolithic ggml flat block-dot materialized EmitC target artifact bridge (single plugin-owned typed body lowering directly through the common RVV->EmitC DialectConversion) failed: no registered backend emission driver fully legalizes the selected variant body to EmitC
module {
^
<stdin>:1:1: note: see current operation: 
"builtin.module"() ({
  "tcrv.exec.kernel"() <{sym_name = "ggml_vec_dot_q8_0_q8_0_kernel"}> ({
    "tcrv.exec.capability"() <{id = "rvv", kind = "isa-vector", sym_name = "rvv"}> {status = "available"} : () -> ()
    "tcrv.exec.capability"() <{id = "scalar.fallback", kind = "fallback", sym_name = "scalar_fallback"}> {status = "available"} : () -> ()
    "tcrv.exec.variant"() <{origin = "rvv-plugin", requires = [@rvv], sym_name = "rvv_q8_0_q8_0_block_dot"}> ({
      %0 = "tcrv_rvv.runtime_abi_value"() <{c_name = "n", c_type = "size_t", ownership = "target-export-abi-owned", purpose = "n", role = "runtime-element-count"}> : () -> index
      %1 = "tcrv_rvv.runtime_abi_value"() <{c_name = "s", c_type = "float *", ownership = "target-export-abi-owned", purpose = "out", role = "output-buffer"}> : () -> !tcrv_rvv.runtime_abi_value
      %2 = "tcrv_rvv.runtime_abi_value"() <{c_name = "bs", c_type = "size_t", ownership = "target-export-abi-owned", purpose = "bs", role = "output-stride"}> : () -> index
      %3 = "tcrv_rvv.runtime_abi_value"() <{c_name = "vx", c_type = "const uint8_t *", ownership = "target-export-abi-owned", purpose = "q8-lhs", role = "lhs-input-buffer"}> : () -> !tcrv_rvv.runtime_abi_value
      %4 = "tcrv_rvv.runtime_abi_value"() <{c_name = "bx", c_type = "size_t", ownership = "target-export-abi-owned", purpose = "bx", role = "lhs-input-stride"}> : () -> index
      %5 = "tcrv_rvv.runtime_abi_value"() <{c_name = "vy", c_type = "const uint8_t *", ownership = "target-export-abi-owned", purpose = "q8-rhs", role = "rhs-input-buffer"}> : () -> !tcrv_rvv.runtime_abi_value
      %6 = "tcrv_rvv.runtime_abi_value"() <{c_name = "by", c_type = "size_t", ownership = "target-export-abi-owned", purpose = "by", role = "rhs-input-stride"}> : () -> index
      %7 = "tcrv_rvv.runtime_abi_value"() <{c_name = "nrc", c_type = "int32_t", ownership = "target-export-abi-owned", purpose = "nrc", role = "rhs-scalar-value"}> : () -> i32
      %8 = "tcrv_rvv.runtime_abi_value"() <{c_name = "zero_seed", c_type = "const int32_t *", ownership = "target-export-abi-owned", purpose = "loop-body:reduce-seed", role = "accumulator-input-buffer"}> : () -> !tcrv_rvv.runtime_abi_value
      %9 = "tcrv_rvv.setvl"(%0) <{lmul = "m2", policy = #tcrv_rvv.policy<tail = agnostic, mask = agnostic>, sew = 8 : i64}> : (index) -> !tcrv_rvv.vl
      "tcrv_rvv.with_vl"(%9) <{lmul = "m2", origin = "rvv-plugin", policy = #tcrv_rvv.policy<tail = agnostic, mask = agnostic>, required_capabilities = [@rvv], rvv_construction_protocol = "extension-family-construction-protocol.v1", selected_path_role = "dispatch case", selected_variant = @rvv_q8_0_q8_0_block_dot, sew = 8 : i64, source_kernel = "ggml_vec_dot_q8_0_q8_0_kernel", status = "selected-lowering-boundary"}> ({
        "tcrv_rvv.typed_flat_block_dot_loop_body"(%3, %5, %1, %0) <{activation_block_stride = 34 : i64, fold_model = "sumi_times_scales", integer_core_lmul = "m2", kind = "typed_flat_block_dot_loop_body", multi_block_factor = 2 : i64, qk = 32 : i64, strip_elision = "elided", weight_block_stride = 34 : i64}> ({
        ^bb0(%arg4: index, %arg5: f32):
          %10 = "tcrv_rvv.block_fp16_scale_product"(%3, %5, %arg4) <{kind = "dual_fp16_per_block_scale_product", lhs_block_stride = 34 : i64, rhs_block_stride = 34 : i64, scale_model = "dual-fp16-per-block-d_x.d_y"}> : (!tcrv_rvv.runtime_abi_value, !tcrv_rvv.runtime_abi_value, index) -> f32
          %11 = "tcrv_rvv.load"(%3, %9, %arg4) <{block_stride = 34 : i64, quant_byte_offset = 2 : i64}> : (!tcrv_rvv.runtime_abi_value, !tcrv_rvv.vl, index) -> !tcrv_rvv.vector<i8, "m2">
          %12 = "tcrv_rvv.load"(%5, %9, %arg4) <{block_stride = 34 : i64, quant_byte_offset = 2 : i64}> : (!tcrv_rvv.runtime_abi_value, !tcrv_rvv.vl, index) -> !tcrv_rvv.vector<i8, "m2">
          %13 = "tcrv_rvv.widening_product"(%11, %12, %9) <{kind = "signed_widening_product", product_relation = "signed-i8m2xi8m2-to-i16m4"}> : (!tcrv_rvv.vector<i8, "m2">, !tcrv_rvv.vector<i8, "m2">, !tcrv_rvv.vl) -> !tcrv_rvv.vector<i16, "m4">
          %14 = "tcrv_rvv.standalone_reduce"(%13, %8, %9) <{accumulator_layout = "scalar-i32-seed-lane0-from-accumulator-input", kind = "signed_widening_reduce_add", result_layout = "store-standalone-reduction-lane0-to-output-scalar"}> : (!tcrv_rvv.vector<i16, "m4">, !tcrv_rvv.runtime_abi_value, !tcrv_rvv.vl) -> !tcrv_rvv.vector<i32, "m1">
          %15 = "tcrv_rvv.typed_vector_lane0_to_scalar_extract"(%14, %9) <{extract_relation = "i32m1-lane0-to-scalar-i32", kind = "vector_lane0_to_scalar_i32_extract"}> : (!tcrv_rvv.vector<i32, "m1">, !tcrv_rvv.vl) -> i32
          %16 = "tcrv_rvv.block_computed_scale_dequant"(%15, %10) <{dequant_relation = "scalar-i32-sumi-to-f32-computed-scale-f32", kind = "computed_scale_sumi_dequant"}> : (i32, f32) -> f32
          %17 = "tcrv_rvv.cross_block_f32_accumulate"(%arg5, %16) <{accumulate_order = "strict-ascending-block-carried", kind = "cross_block_f32_scalar_accumulate"}> : (f32, f32) -> f32
          "tcrv_rvv.typed_flat_block_dot_loop_yield"(%17) : (f32) -> ()
        }) : (!tcrv_rvv.runtime_abi_value, !tcrv_rvv.runtime_abi_value, !tcrv_rvv.runtime_abi_value, index) -> ()
      }) : (!tcrv_rvv.vl) -> ()
    }) {tcrv_rvv.policy = #tcrv_rvv.policy<tail = agnostic, mask = agnostic>} : () -> ()
    "tcrv.exec.variant"() <{origin = "scalar-plugin", policy = "portable_scalar_fallback_first_slice", requires = [@scalar_fallback], sym_name = "rvv_q8_0_q8_0_block_dot_scalar_fallback"}> ({
    ^bb0:
    }) {fallback_role = "conservative"} : () -> ()
    "tcrv.exec.dispatch"() ({
      "tcrv.exec.case"() <{origin = "rvv-plugin", policy = "rvv-q8-0-q8-0-block-dot-source-front-door-case", target = @rvv_q8_0_q8_0_block_dot}> : () -> ()
      "tcrv.exec.fallback"() <{fallback_role = "conservative", origin = "scalar-plugin", target = @rvv_q8_0_q8_0_block_dot_scalar_fallback}> : () -> ()
    }) : () -> ()
    "tcrv.exec.diagnostic"() <{artifact_kind = "riscv-elf-relocatable-object", artifact_metadata = [{key = "rvv_emitc_lowerable_route", value = "rvv-ggml-flat-block-dot-monolithic-emitc-route-family"}, {key = "rvv_source_op_interface", value = "TCRVEmitCLowerableOpInterface"}, {key = "rvv_extension_archetype", value = "rvv-ggml-flat-monolithic-typed-body"}, {key = "rvv_ggml_flat_block_dot_kind", value = "ggml_q8_0_q8_0_block_dot"}, {key = "rvv_ggml_flat_scale_model", value = "dual-fp16-per-block-d_x.d_y"}, {key = "rvv_target_artifact_kind", value = "riscv-elf-relocatable-object"}, {key = "rvv_construction_protocol", value = "extension-family-construction-protocol.v1"}], emission_kind = "materialized-emitc-cpp-rvv-intrinsic-object", lowering_boundary = "tcrv_rvv.with_vl", lowering_pipeline = "rvv-ggml-flat-block-dot-monolithic-emitc-route-family", message = "RVV selected monolithic ggml flat block-dot typed body materializes a verified EmitC module through the common RVV->EmitC DialectConversion (the AoS block loop, the per-block fp16 scale model, the integer decode/product core, and the fp32 fold are first-class op structure), then uses the MLIR EmitC C/C++ emitter before RISC-V object packaging", origin = "rvv-plugin", plan_kind = "plugin-emission-plan", reason = "emission_plan", required_capabilities = [@rvv], role = "dispatch case", runtime_abi = "rvv-ggml-flat-block-dot-callable-c-abi.v1", runtime_abi_kind = "plugin-owned-runtime-abi", runtime_abi_name = "rvv-ggml-flat-block-dot-callable-c-abi.v1", runtime_abi_parameters = [{c_name = "n", c_type = "size_t", ownership = "target-export-abi-owned", role = "runtime-element-count"}, {c_name = "s", c_type = "float *", ownership = "target-export-abi-owned", role = "output-buffer"}, {c_name = "bs", c_type = "size_t", ownership = "target-export-abi-owned", role = "output-stride"}, {c_name = "vx", c_type = "const uint8_t *", ownership = "target-export-abi-owned", role = "lhs-input-buffer"}, {c_name = "bx", c_type = "size_t", ownership = "target-export-abi-owned", role = "lhs-input-stride"}, {c_name = "vy", c_type = "const uint8_t *", ownership = "target-export-abi-owned", role = "rhs-input-buffer"}, {c_name = "by", c_type = "size_t", ownership = "target-export-abi-owned", role = "rhs-input-stride"}, {c_name = "nrc", c_type = "int32_t", ownership = "target-export-abi-owned", role = "rhs-scalar-value"}], runtime_glue_role = "emitc-cpp-rvv-intrinsic-runtime-glue", severity = "info", status = "supported", target = @rvv_q8_0_q8_0_block_dot}> : () -> ()
    "tcrv.exec.diagnostic"() <{artifact_kind = "unsupported-emission-diagnostic", emission_kind = "scalar-fallback-unsupported-emission", lowering_pipeline = "scalar-fallback-no-materialized-emitc-route", message = "scalar fallback first slice has no materialized extension-family body, EmitC lowering, runtime ABI, target artifact route, or legacy metadata emission route", origin = "scalar-plugin", plan_kind = "plugin-emission-plan", reason = "emission_plan", required_capabilities = [@scalar_fallback], role = "dispatch fallback", runtime_abi = "scalar-fallback-no-runtime-abi", runtime_abi_kind = "unsupported-plugin-runtime-abi", runtime_abi_name = "unsupported-emission-runtime-abi", runtime_glue_role = "no-runtime-glue-unsupported", severity = "error", status = "unsupported", target = @rvv_q8_0_q8_0_block_dot_scalar_fallback}> : () -> ()
  }) : () -> ()
  "func.func"() <{function_type = (memref<?xf32>, index, memref<?xi8>, memref<?xi8>) -> (), sym_name = "source_q8_0_q8_0_block_dot"}> ({
  ^bb0(%arg0: memref<?xf32>, %arg1: index, %arg2: memref<?xi8>, %arg3: memref<?xi8>):
    "func.return"() : () -> ()
  }) : () -> ()
}) : () -> ()
