[3variant] board=rvv load=2.07 2.11 2.09 1/1062 2330907 deploy_cc=gcc (GCC) 15.2.0
=== [0] baseline verify + backup ===
  GEN=deb61a29dd079440ffdc8996b5bd2fa1 HDR=57851439e7c6f5e35aca7986e148e42b ARCH=99131cf791e30348b588423b2388e0b8
  .inc md5s: gemm=f03c6566e90379ef527e1fa94b103b04
             gevm_OLD=f38920496ff822fab6897aaae41a6df1
             gevm_NEW=3b00eb43311347d8dc434096a41b1645
=== [1] build OFF (pristine, no scaffold) ===
  OFF build OK
  OFF md5=05a62e6a82857cdf247ba1933c695849 q5_sym(expect 0)=0
=== [2] apply 12-piece scaffold + OLD gevm .inc -> build OLD ===
PATCH OK (G5-M2 q5_0 net-new 12-piece scaffold + emitted vl=8 deploy)
HDR  md5: 0f115f413b44fe94d08d884307e09863  struct: True  decls: 2
GEN  md5: 1b7c88b4a6171386a4413744c5d5f16e  make: True  repack_tmpl: True  gemv_tmpl: True  gemm_tmpl: True  trait: True  dispatch: True  generics: 2
ARCH md5: e1bdab839c9dece1f0e006ecbf7059ff  inc_gemm: True  inc_gevm: True  gevm_body: True  gemm_body: True  gevm_call: True  gemm_call: True
  OLD build OK
  OLD md5=8d136dd9cb6474bfa009c6f1d5562f42 q5_sym(expect 2)=2
  OLD GEVM objdump: total-insn=105
=== [3] swap in REDESIGN-B (NEW) gevm .inc -> build NEW ===
  NEW build OK
  NEW md5=8791f420f912ad4155e7764fd2a89f84 q5_sym(expect 2)=2
  NEW != OLD (variants differ, good)
  NEW GEVM objdump: total-insn=88
=== [4] ROUTING SEAL: vsetivli widths + REDESIGN-B vs OLD signature in deployed GEVM ===
  [OLD] vsetivli(8)=1 (16)=0[MUST 0] (64)=0[MUST 0] | vlm.v=0 vmnand=0 vsub=0 | vor.vv=4 vncvt=0
  [NEW] vsetivli(8)=1 (16)=0[MUST 0] (64)=0[MUST 0] | vlm.v=4 vmnand=0 vsub=0 | vor.vv=0 vncvt=0
  (NEW=REDESIGN-B expects vlm.v>0 & vmnand>0 & vor.vv==0/vncvt==0; OLD expects vor.vv>0 & vncvt>0 & vlm.v(qh-decode)~ )
=== [5] restore source + pristine rebuild ===
  SOURCE RESTORED byte-exact
  pristine rebuild OK
  live md5=05a62e6a82857cdf247ba1933c695849 q5_sym(expect 0)=0
=== [3variant DONE] ===
05a62e6a82857cdf247ba1933c695849  /tmp/g5_q5/libggml-cpu.so.q5OFF
8d136dd9cb6474bfa009c6f1d5562f42  /tmp/g5_q5/libggml-cpu.so.q5OLD
8791f420f912ad4155e7764fd2a89f84  /tmp/g5_q5/libggml-cpu.so.q5NEW
